Release 14.7 - xst P.20131013 (lin64)
Copyright (c) 1995-2013 Xilinx, Inc.  All rights reserved.
--> 
Parameter TMPDIR set to xst/projnav.tmp


Total REAL time to Xst completion: 0.00 secs
Total CPU time to Xst completion: 0.07 secs
 
--> 
Parameter xsthdpdir set to xst


Total REAL time to Xst completion: 0.00 secs
Total CPU time to Xst completion: 0.07 secs
 
--> 
Reading design: project0_demo.prj

TABLE OF CONTENTS
  1) Synthesis Options Summary
  2) HDL Parsing
  3) HDL Elaboration
  4) HDL Synthesis
       4.1) HDL Synthesis Report
  5) Advanced HDL Synthesis
       5.1) Advanced HDL Synthesis Report
  6) Low Level Synthesis
  7) Partition Report
  8) Design Summary
       8.1) Primitive and Black Box Usage
       8.2) Device utilization summary
       8.3) Partition Resource Summary
       8.4) Timing Report
            8.4.1) Clock Information
            8.4.2) Asynchronous Control Signals Information
            8.4.3) Timing Summary
            8.4.4) Timing Details
            8.4.5) Cross Clock Domains Report


=========================================================================
*                      Synthesis Options Summary                        *
=========================================================================
---- Source Parameters
Input File Name                    : "project0_demo.prj"
Ignore Synthesis Constraint File   : NO

---- Target Parameters
Output File Name                   : "project0_demo"
Output Format                      : NGC
Target Device                      : xc6slx16-2-csg324

---- Source Options
Top Module Name                    : project0_demo
Automatic FSM Extraction           : YES
FSM Encoding Algorithm             : Auto
Safe Implementation                : No
FSM Style                          : LUT
RAM Extraction                     : Yes
RAM Style                          : Auto
ROM Extraction                     : Yes
Shift Register Extraction          : YES
ROM Style                          : Auto
Resource Sharing                   : YES
Asynchronous To Synchronous        : NO
Shift Register Minimum Size        : 2
Use DSP Block                      : Auto
Automatic Register Balancing       : No

---- Target Options
LUT Combining                      : Auto
Reduce Control Sets                : Auto
Add IO Buffers                     : YES
Global Maximum Fanout              : 100000
Add Generic Clock Buffer(BUFG)     : 16
Register Duplication               : YES
Optimize Instantiated Primitives   : NO
Use Clock Enable                   : Auto
Use Synchronous Set                : Auto
Use Synchronous Reset              : Auto
Pack IO Registers into IOBs        : Auto
Equivalent register Removal        : YES

---- General Options
Optimization Goal                  : Speed
Optimization Effort                : 1
Power Reduction                    : NO
Keep Hierarchy                     : No
Netlist Hierarchy                  : As_Optimized
RTL Output                         : Yes
Global Optimization                : AllClockNets
Read Cores                         : YES
Write Timing Constraints           : NO
Cross Clock Analysis               : NO
Hierarchy Separator                : /
Bus Delimiter                      : <>
Case Specifier                     : Maintain
Slice Utilization Ratio            : 100
BRAM Utilization Ratio             : 100
DSP48 Utilization Ratio            : 100
Auto BRAM Packing                  : NO
Slice Utilization Ratio Delta      : 5

=========================================================================


=========================================================================
*                          HDL Parsing                                  *
=========================================================================
Analyzing Verilog file "/media/user/Data/Documents/FPGA/Nexys3/test3/vga.v" into library work
Parsing module <vga>.
Analyzing Verilog file "/media/user/Data/Documents/FPGA/Nexys3/test3/segdisplay.v" into library work
Parsing module <segdisplay>.
Analyzing Verilog file "/media/user/Data/Documents/FPGA/Nexys3/test3/main.v" into library work
Parsing module <project0_demo>.

=========================================================================
*                            HDL Elaboration                            *
=========================================================================

Elaborating module <project0_demo>.

Elaborating module <segdisplay>.
WARNING:HDLCompiler:189 - "/media/user/Data/Documents/FPGA/Nexys3/test3/main.v" Line 24: Size mismatch in connection of port <nb>. Formal port size is 14-bit while actual signal size is 13-bit.

Elaborating module <vga>.
WARNING:HDLCompiler:413 - "/media/user/Data/Documents/FPGA/Nexys3/test3/vga.v" Line 35: Result of 12-bit expression is truncated to fit in 11-bit target.
WARNING:HDLCompiler:413 - "/media/user/Data/Documents/FPGA/Nexys3/test3/vga.v" Line 39: Result of 12-bit expression is truncated to fit in 11-bit target.

=========================================================================
*                           HDL Synthesis                               *
=========================================================================

Synthesizing Unit <project0_demo>.
    Related source file is "/media/user/Data/Documents/FPGA/Nexys3/test3/main.v".
    Found 1-bit register for signal <divclk>.
    Found 7-bit register for signal <scounter>.
    Found 1-bit register for signal <slclk>.
    Found 13-bit register for signal <num>.
    Found 27-bit register for signal <counter>.
    Found 27-bit adder for signal <counter[26]_GND_1_o_add_2_OUT> created at line 44.
    Found 7-bit adder for signal <scounter[6]_GND_1_o_add_7_OUT> created at line 52.
    Found 13-bit adder for signal <num[12]_GND_1_o_add_12_OUT> created at line 59.
    Summary:
	inferred   3 Adder/Subtractor(s).
	inferred  49 D-type flip-flop(s).
Unit <project0_demo> synthesized.

Synthesizing Unit <segdisplay>.
    Related source file is "/media/user/Data/Documents/FPGA/Nexys3/test3/segdisplay.v".
    Found 4-bit register for signal <anReg>.
    Found 8-bit register for signal <snb>.
    Found 8-bit register for signal <SegReg>.
    Found 2-bit register for signal <muxcnt>.
    Found 2-bit adder for signal <muxcnt[1]_GND_2_o_add_2_OUT> created at line 21.
    Found 4x4-bit Read Only RAM for signal <muxcnt[1]_PWR_2_o_wide_mux_13_OUT>
    Found 16x8-bit Read Only RAM for signal <_n0087>
    Found 8-bit 4-to-1 multiplexer for signal <muxcnt[1]_GND_2_o_wide_mux_14_OUT> created at line 25.
    Summary:
	inferred   2 RAM(s).
	inferred   1 Adder/Subtractor(s).
	inferred  22 D-type flip-flop(s).
	inferred   1 Multiplexer(s).
Unit <segdisplay> synthesized.

Synthesizing Unit <mod_14u_4u>.
    Related source file is "".
    Found 18-bit adder for signal <n0565> created at line 0.
    Found 18-bit adder for signal <GND_3_o_b[3]_add_1_OUT> created at line 0.
    Found 17-bit adder for signal <n0569> created at line 0.
    Found 17-bit adder for signal <GND_3_o_b[3]_add_3_OUT> created at line 0.
    Found 16-bit adder for signal <n0573> created at line 0.
    Found 16-bit adder for signal <GND_3_o_b[3]_add_5_OUT> created at line 0.
    Found 15-bit adder for signal <n0577> created at line 0.
    Found 15-bit adder for signal <GND_3_o_b[3]_add_7_OUT> created at line 0.
    Found 14-bit adder for signal <n0581> created at line 0.
    Found 14-bit adder for signal <a[13]_b[3]_add_9_OUT> created at line 0.
    Found 14-bit adder for signal <n0585> created at line 0.
    Found 14-bit adder for signal <a[13]_GND_3_o_add_11_OUT> created at line 0.
    Found 14-bit adder for signal <n0589> created at line 0.
    Found 14-bit adder for signal <a[13]_GND_3_o_add_13_OUT> created at line 0.
    Found 14-bit adder for signal <n0593> created at line 0.
    Found 14-bit adder for signal <a[13]_GND_3_o_add_15_OUT> created at line 0.
    Found 14-bit adder for signal <n0597> created at line 0.
    Found 14-bit adder for signal <a[13]_GND_3_o_add_17_OUT> created at line 0.
    Found 14-bit adder for signal <n0601> created at line 0.
    Found 14-bit adder for signal <a[13]_GND_3_o_add_19_OUT> created at line 0.
    Found 14-bit adder for signal <n0605> created at line 0.
    Found 14-bit adder for signal <a[13]_GND_3_o_add_21_OUT> created at line 0.
    Found 14-bit adder for signal <n0609> created at line 0.
    Found 14-bit adder for signal <a[13]_GND_3_o_add_23_OUT> created at line 0.
    Found 14-bit adder for signal <n0613> created at line 0.
    Found 14-bit adder for signal <a[13]_GND_3_o_add_25_OUT> created at line 0.
    Found 14-bit adder for signal <n0617> created at line 0.
    Found 14-bit adder for signal <a[13]_GND_3_o_add_27_OUT> created at line 0.
    Found 14-bit adder for signal <n0621> created at line 0.
    Found 14-bit adder for signal <a[13]_GND_3_o_add_29_OUT> created at line 0.
    Found 18-bit comparator lessequal for signal <BUS_0001> created at line 0
    Found 17-bit comparator lessequal for signal <BUS_0002> created at line 0
    Found 16-bit comparator lessequal for signal <BUS_0003> created at line 0
    Found 15-bit comparator lessequal for signal <BUS_0004> created at line 0
    Found 14-bit comparator lessequal for signal <BUS_0005> created at line 0
    Found 14-bit comparator lessequal for signal <BUS_0006> created at line 0
    Found 14-bit comparator lessequal for signal <BUS_0007> created at line 0
    Found 14-bit comparator lessequal for signal <BUS_0008> created at line 0
    Found 14-bit comparator lessequal for signal <BUS_0009> created at line 0
    Found 14-bit comparator lessequal for signal <BUS_0010> created at line 0
    Found 14-bit comparator lessequal for signal <BUS_0011> created at line 0
    Found 14-bit comparator lessequal for signal <BUS_0012> created at line 0
    Found 14-bit comparator lessequal for signal <BUS_0013> created at line 0
    Found 14-bit comparator lessequal for signal <BUS_0014> created at line 0
    Found 14-bit comparator lessequal for signal <BUS_0015> created at line 0
    Summary:
	inferred  30 Adder/Subtractor(s).
	inferred  15 Comparator(s).
	inferred 197 Multiplexer(s).
Unit <mod_14u_4u> synthesized.

Synthesizing Unit <div_14u_4u>.
    Related source file is "".
    Found 18-bit adder for signal <GND_4_o_b[3]_add_1_OUT> created at line 0.
    Found 17-bit adder for signal <GND_4_o_b[3]_add_3_OUT> created at line 0.
    Found 16-bit adder for signal <GND_4_o_b[3]_add_5_OUT> created at line 0.
    Found 15-bit adder for signal <GND_4_o_b[3]_add_7_OUT> created at line 0.
    Found 14-bit adder for signal <a[13]_b[3]_add_9_OUT> created at line 0.
    Found 14-bit adder for signal <a[13]_GND_4_o_add_11_OUT> created at line 0.
    Found 14-bit adder for signal <a[13]_GND_4_o_add_13_OUT> created at line 0.
    Found 14-bit adder for signal <a[13]_GND_4_o_add_15_OUT> created at line 0.
    Found 14-bit adder for signal <a[13]_GND_4_o_add_17_OUT> created at line 0.
    Found 14-bit adder for signal <a[13]_GND_4_o_add_19_OUT> created at line 0.
    Found 14-bit adder for signal <a[13]_GND_4_o_add_21_OUT> created at line 0.
    Found 14-bit adder for signal <a[13]_GND_4_o_add_23_OUT[13:0]> created at line 0.
    Found 14-bit adder for signal <a[13]_GND_4_o_add_25_OUT[13:0]> created at line 0.
    Found 14-bit adder for signal <a[13]_GND_4_o_add_27_OUT[13:0]> created at line 0.
    Found 18-bit comparator lessequal for signal <BUS_0001> created at line 0
    Found 17-bit comparator lessequal for signal <BUS_0002> created at line 0
    Found 16-bit comparator lessequal for signal <BUS_0003> created at line 0
    Found 15-bit comparator lessequal for signal <BUS_0004> created at line 0
    Found 14-bit comparator lessequal for signal <BUS_0005> created at line 0
    Found 14-bit comparator lessequal for signal <BUS_0006> created at line 0
    Found 14-bit comparator lessequal for signal <BUS_0007> created at line 0
    Found 14-bit comparator lessequal for signal <BUS_0008> created at line 0
    Found 14-bit comparator lessequal for signal <BUS_0009> created at line 0
    Found 14-bit comparator lessequal for signal <BUS_0010> created at line 0
    Found 14-bit comparator lessequal for signal <BUS_0011> created at line 0
    Found 14-bit comparator lessequal for signal <BUS_0012> created at line 0
    Found 14-bit comparator lessequal for signal <BUS_0013> created at line 0
    Found 14-bit comparator lessequal for signal <BUS_0014> created at line 0
    Found 14-bit comparator lessequal for signal <BUS_0015> created at line 0
    Summary:
	inferred  14 Adder/Subtractor(s).
	inferred  15 Comparator(s).
	inferred 157 Multiplexer(s).
Unit <div_14u_4u> synthesized.

Synthesizing Unit <div_14u_7u>.
    Related source file is "".
    Found 21-bit adder for signal <GND_5_o_b[6]_add_1_OUT> created at line 0.
    Found 20-bit adder for signal <GND_5_o_b[6]_add_3_OUT> created at line 0.
    Found 19-bit adder for signal <GND_5_o_b[6]_add_5_OUT> created at line 0.
    Found 18-bit adder for signal <GND_5_o_b[6]_add_7_OUT> created at line 0.
    Found 17-bit adder for signal <GND_5_o_b[6]_add_9_OUT> created at line 0.
    Found 16-bit adder for signal <GND_5_o_b[6]_add_11_OUT> created at line 0.
    Found 15-bit adder for signal <GND_5_o_b[6]_add_13_OUT> created at line 0.
    Found 14-bit adder for signal <a[13]_b[6]_add_15_OUT> created at line 0.
    Found 14-bit adder for signal <a[13]_GND_5_o_add_17_OUT> created at line 0.
    Found 14-bit adder for signal <a[13]_GND_5_o_add_19_OUT> created at line 0.
    Found 14-bit adder for signal <a[13]_GND_5_o_add_21_OUT> created at line 0.
    Found 14-bit adder for signal <a[13]_GND_5_o_add_23_OUT[13:0]> created at line 0.
    Found 14-bit adder for signal <a[13]_GND_5_o_add_25_OUT[13:0]> created at line 0.
    Found 14-bit adder for signal <a[13]_GND_5_o_add_27_OUT[13:0]> created at line 0.
    Found 21-bit comparator lessequal for signal <BUS_0001> created at line 0
    Found 20-bit comparator lessequal for signal <BUS_0002> created at line 0
    Found 19-bit comparator lessequal for signal <BUS_0003> created at line 0
    Found 18-bit comparator lessequal for signal <BUS_0004> created at line 0
    Found 17-bit comparator lessequal for signal <BUS_0005> created at line 0
    Found 16-bit comparator lessequal for signal <BUS_0006> created at line 0
    Found 15-bit comparator lessequal for signal <BUS_0007> created at line 0
    Found 14-bit comparator lessequal for signal <BUS_0008> created at line 0
    Found 14-bit comparator lessequal for signal <BUS_0009> created at line 0
    Found 14-bit comparator lessequal for signal <BUS_0010> created at line 0
    Found 14-bit comparator lessequal for signal <BUS_0011> created at line 0
    Found 14-bit comparator lessequal for signal <BUS_0012> created at line 0
    Found 14-bit comparator lessequal for signal <BUS_0013> created at line 0
    Found 14-bit comparator lessequal for signal <BUS_0014> created at line 0
    Found 14-bit comparator lessequal for signal <BUS_0015> created at line 0
    Summary:
	inferred  14 Adder/Subtractor(s).
	inferred  15 Comparator(s).
	inferred 157 Multiplexer(s).
Unit <div_14u_7u> synthesized.

Synthesizing Unit <div_14u_10u>.
    Related source file is "".
    Found 24-bit adder for signal <GND_6_o_b[9]_add_1_OUT> created at line 0.
    Found 23-bit adder for signal <GND_6_o_b[9]_add_3_OUT> created at line 0.
    Found 22-bit adder for signal <GND_6_o_b[9]_add_5_OUT> created at line 0.
    Found 21-bit adder for signal <GND_6_o_b[9]_add_7_OUT> created at line 0.
    Found 20-bit adder for signal <GND_6_o_b[9]_add_9_OUT> created at line 0.
    Found 19-bit adder for signal <GND_6_o_b[9]_add_11_OUT> created at line 0.
    Found 18-bit adder for signal <GND_6_o_b[9]_add_13_OUT> created at line 0.
    Found 17-bit adder for signal <GND_6_o_b[9]_add_15_OUT> created at line 0.
    Found 16-bit adder for signal <GND_6_o_b[9]_add_17_OUT> created at line 0.
    Found 15-bit adder for signal <GND_6_o_b[9]_add_19_OUT> created at line 0.
    Found 14-bit adder for signal <a[13]_b[9]_add_21_OUT> created at line 0.
    Found 14-bit adder for signal <a[13]_GND_6_o_add_23_OUT[13:0]> created at line 0.
    Found 14-bit adder for signal <a[13]_GND_6_o_add_25_OUT[13:0]> created at line 0.
    Found 14-bit adder for signal <a[13]_GND_6_o_add_27_OUT[13:0]> created at line 0.
    Found 24-bit comparator lessequal for signal <BUS_0001> created at line 0
    Found 23-bit comparator lessequal for signal <BUS_0002> created at line 0
    Found 22-bit comparator lessequal for signal <BUS_0003> created at line 0
    Found 21-bit comparator lessequal for signal <BUS_0004> created at line 0
    Found 20-bit comparator lessequal for signal <BUS_0005> created at line 0
    Found 19-bit comparator lessequal for signal <BUS_0006> created at line 0
    Found 18-bit comparator lessequal for signal <BUS_0007> created at line 0
    Found 17-bit comparator lessequal for signal <BUS_0008> created at line 0
    Found 16-bit comparator lessequal for signal <BUS_0009> created at line 0
    Found 15-bit comparator lessequal for signal <BUS_0010> created at line 0
    Found 14-bit comparator lessequal for signal <BUS_0011> created at line 0
    Found 14-bit comparator lessequal for signal <BUS_0012> created at line 0
    Found 14-bit comparator lessequal for signal <BUS_0013> created at line 0
    Found 14-bit comparator lessequal for signal <BUS_0014> created at line 0
    Found 14-bit comparator lessequal for signal <BUS_0015> created at line 0
    Summary:
	inferred  14 Adder/Subtractor(s).
	inferred  15 Comparator(s).
	inferred 157 Multiplexer(s).
Unit <div_14u_10u> synthesized.

Synthesizing Unit <vga>.
    Related source file is "/media/user/Data/Documents/FPGA/Nexys3/test3/vga.v".
WARNING:Xst:647 - Input <rst> is never used. This port will be preserved and left unconnected if it belongs to a top-level block or it belongs to a sub-block and the hierarchy of this sub-block is preserved.
    Found 1-bit register for signal <divclk>.
    Found 11-bit register for signal <hcounter>.
    Found 11-bit register for signal <vcounter>.
    Found 3-bit register for signal <rval>.
    Found 2-bit register for signal <bval>.
    Found 3-bit register for signal <gval>.
    Found 2-bit register for signal <clkcnt>.
    Found 2-bit adder for signal <clkcnt[1]_GND_7_o_add_2_OUT> created at line 25.
    Found 11-bit adder for signal <vcounter[10]_GND_7_o_add_8_OUT> created at line 35.
    Found 11-bit adder for signal <hcounter[10]_GND_7_o_add_10_OUT> created at line 39.
    Found 11-bit comparator greater for signal <GND_7_o_vcounter[10]_LessThan_17_o> created at line 46
    Found 11-bit comparator greater for signal <vcounter[10]_GND_7_o_LessThan_18_o> created at line 46
    Found 11-bit comparator greater for signal <GND_7_o_hcounter[10]_LessThan_19_o> created at line 46
    Found 11-bit comparator greater for signal <hcounter[10]_GND_7_o_LessThan_20_o> created at line 46
    Found 11-bit comparator lessequal for signal <vcounter[10]_GND_7_o_LessThan_30_o> created at line 59
    Found 11-bit comparator lessequal for signal <hcounter[10]_GND_7_o_LessThan_31_o> created at line 60
    Summary:
	inferred   3 Adder/Subtractor(s).
	inferred  33 D-type flip-flop(s).
	inferred   6 Comparator(s).
Unit <vga> synthesized.

=========================================================================
HDL Synthesis Report

Macro Statistics
# RAMs                                                 : 2
 16x8-bit single-port Read Only RAM                    : 1
 4x4-bit single-port Read Only RAM                     : 1
# Adders/Subtractors                                   : 169
 11-bit adder                                          : 2
 13-bit adder                                          : 1
 14-bit adder                                          : 109
 15-bit adder                                          : 11
 16-bit adder                                          : 11
 17-bit adder                                          : 11
 18-bit adder                                          : 11
 19-bit adder                                          : 2
 2-bit adder                                           : 2
 20-bit adder                                          : 2
 21-bit adder                                          : 2
 22-bit adder                                          : 1
 23-bit adder                                          : 1
 24-bit adder                                          : 1
 27-bit adder                                          : 1
 7-bit adder                                           : 1
# Registers                                            : 16
 1-bit register                                        : 3
 11-bit register                                       : 2
 13-bit register                                       : 1
 2-bit register                                        : 3
 27-bit register                                       : 1
 3-bit register                                        : 2
 4-bit register                                        : 1
 7-bit register                                        : 1
 8-bit register                                        : 2
# Comparators                                          : 111
 11-bit comparator greater                             : 4
 11-bit comparator lessequal                           : 2
 14-bit comparator lessequal                           : 68
 15-bit comparator lessequal                           : 7
 16-bit comparator lessequal                           : 7
 17-bit comparator lessequal                           : 7
 18-bit comparator lessequal                           : 7
 19-bit comparator lessequal                           : 2
 20-bit comparator lessequal                           : 2
 21-bit comparator lessequal                           : 2
 22-bit comparator lessequal                           : 1
 23-bit comparator lessequal                           : 1
 24-bit comparator lessequal                           : 1
# Multiplexers                                         : 1260
 1-bit 2-to-1 multiplexer                              : 1246
 14-bit 2-to-1 multiplexer                             : 9
 4-bit 2-to-1 multiplexer                              : 4
 8-bit 4-to-1 multiplexer                              : 1

=========================================================================

=========================================================================
*                       Advanced HDL Synthesis                          *
=========================================================================

INFO:Xst:2261 - The FF/Latch <rval_0> in Unit <vga> is equivalent to the following 2 FFs/Latches, which will be removed : <rval_1> <rval_2> 
WARNING:Xst:1293 - FF/Latch <bval_0> has a constant value of 0 in block <vga>. This FF/Latch will be trimmed during the optimization process.
WARNING:Xst:1293 - FF/Latch <bval_1> has a constant value of 0 in block <vga>. This FF/Latch will be trimmed during the optimization process.
WARNING:Xst:1293 - FF/Latch <gval_0> has a constant value of 0 in block <vga>. This FF/Latch will be trimmed during the optimization process.
WARNING:Xst:1293 - FF/Latch <gval_1> has a constant value of 0 in block <vga>. This FF/Latch will be trimmed during the optimization process.
WARNING:Xst:1293 - FF/Latch <gval_2> has a constant value of 0 in block <vga>. This FF/Latch will be trimmed during the optimization process.

Synthesizing (advanced) Unit <project0_demo>.
The following registers are absorbed into counter <counter>: 1 register on signal <counter>.
The following registers are absorbed into counter <scounter>: 1 register on signal <scounter>.
The following registers are absorbed into counter <num>: 1 register on signal <num>.
Unit <project0_demo> synthesized (advanced).

Synthesizing (advanced) Unit <segdisplay>.
The following registers are absorbed into counter <muxcnt>: 1 register on signal <muxcnt>.
INFO:Xst:3231 - The small RAM <Mram__n0087> will be implemented on LUTs in order to maximize performance and save block RAM resources. If you want to force its implementation on block, use option/constraint ram_style.
    -----------------------------------------------------------------------
    | ram_type           | Distributed                         |          |
    -----------------------------------------------------------------------
    | Port A                                                              |
    |     aspect ratio   | 16-word x 8-bit                     |          |
    |     weA            | connected to signal <GND>           | high     |
    |     addrA          | connected to signal <snb<3:0>>      |          |
    |     diA            | connected to signal <GND>           |          |
    |     doA            | connected to internal node          |          |
    -----------------------------------------------------------------------
INFO:Xst:3231 - The small RAM <Mram_muxcnt[1]_PWR_2_o_wide_mux_13_OUT> will be implemented on LUTs in order to maximize performance and save block RAM resources. If you want to force its implementation on block, use option/constraint ram_style.
    -----------------------------------------------------------------------
    | ram_type           | Distributed                         |          |
    -----------------------------------------------------------------------
    | Port A                                                              |
    |     aspect ratio   | 4-word x 4-bit                      |          |
    |     weA            | connected to signal <GND>           | high     |
    |     addrA          | connected to signal <muxcnt>        |          |
    |     diA            | connected to signal <GND>           |          |
    |     doA            | connected to internal node          |          |
    -----------------------------------------------------------------------
Unit <segdisplay> synthesized (advanced).

Synthesizing (advanced) Unit <vga>.
The following registers are absorbed into counter <clkcnt>: 1 register on signal <clkcnt>.
The following registers are absorbed into counter <hcounter>: 1 register on signal <hcounter>.
The following registers are absorbed into counter <vcounter>: 1 register on signal <vcounter>.
Unit <vga> synthesized (advanced).

=========================================================================
Advanced HDL Synthesis Report

Macro Statistics
# RAMs                                                 : 2
 16x8-bit single-port distributed Read Only RAM        : 1
 4x4-bit single-port distributed Read Only RAM         : 1
# Adders/Subtractors                                   : 102
 14-bit adder                                          : 42
 14-bit adder carry in                                 : 56
 4-bit adder carry in                                  : 4
# Counters                                             : 7
 11-bit up counter                                     : 2
 13-bit up counter                                     : 1
 2-bit up counter                                      : 2
 27-bit up counter                                     : 1
 7-bit up counter                                      : 1
# Registers                                            : 31
 Flip-Flops                                            : 31
# Comparators                                          : 111
 11-bit comparator greater                             : 4
 11-bit comparator lessequal                           : 2
 14-bit comparator lessequal                           : 68
 15-bit comparator lessequal                           : 7
 16-bit comparator lessequal                           : 7
 17-bit comparator lessequal                           : 7
 18-bit comparator lessequal                           : 7
 19-bit comparator lessequal                           : 2
 20-bit comparator lessequal                           : 2
 21-bit comparator lessequal                           : 2
 22-bit comparator lessequal                           : 1
 23-bit comparator lessequal                           : 1
 24-bit comparator lessequal                           : 1
# Multiplexers                                         : 1260
 1-bit 2-to-1 multiplexer                              : 1246
 14-bit 2-to-1 multiplexer                             : 9
 4-bit 2-to-1 multiplexer                              : 4
 8-bit 4-to-1 multiplexer                              : 1

=========================================================================

=========================================================================
*                         Low Level Synthesis                           *
=========================================================================
WARNING:Xst:1293 - FF/Latch <bval_0> has a constant value of 0 in block <vga>. This FF/Latch will be trimmed during the optimization process.
WARNING:Xst:1293 - FF/Latch <bval_1> has a constant value of 0 in block <vga>. This FF/Latch will be trimmed during the optimization process.
WARNING:Xst:1293 - FF/Latch <gval_0> has a constant value of 0 in block <vga>. This FF/Latch will be trimmed during the optimization process.
WARNING:Xst:1293 - FF/Latch <gval_1> has a constant value of 0 in block <vga>. This FF/Latch will be trimmed during the optimization process.
WARNING:Xst:1293 - FF/Latch <gval_2> has a constant value of 0 in block <vga>. This FF/Latch will be trimmed during the optimization process.
INFO:Xst:2261 - The FF/Latch <rval_0> in Unit <vga> is equivalent to the following 2 FFs/Latches, which will be removed : <rval_1> <rval_2> 
WARNING:Xst:1710 - FF/Latch <SegReg_0> (without init value) has a constant value of 1 in block <segdisplay>. This FF/Latch will be trimmed during the optimization process.
WARNING:Xst:1710 - FF/Latch <snb_4> (without init value) has a constant value of 0 in block <segdisplay>. This FF/Latch will be trimmed during the optimization process.
WARNING:Xst:1895 - Due to other FF/Latch trimming, FF/Latch <snb_5> (without init value) has a constant value of 0 in block <segdisplay>. This FF/Latch will be trimmed during the optimization process.
WARNING:Xst:1895 - Due to other FF/Latch trimming, FF/Latch <snb_6> (without init value) has a constant value of 0 in block <segdisplay>. This FF/Latch will be trimmed during the optimization process.
WARNING:Xst:1895 - Due to other FF/Latch trimming, FF/Latch <snb_7> (without init value) has a constant value of 0 in block <segdisplay>. This FF/Latch will be trimmed during the optimization process.

Optimizing unit <project0_demo> ...

Optimizing unit <vga> ...

Optimizing unit <segdisplay> ...

Optimizing unit <mod_14u_4u> ...

Mapping all equations...
Building and optimizing final netlist ...
Found area constraint ratio of 100 (+ 5) on block project0_demo, actual ratio is 9.
FlipFlop num_10 has been replicated 1 time(s)
FlipFlop num_11 has been replicated 1 time(s)
FlipFlop num_6 has been replicated 1 time(s)
FlipFlop num_7 has been replicated 1 time(s)
FlipFlop num_9 has been replicated 1 time(s)

Final Macro Processing ...

=========================================================================
Final Register Report

Macro Statistics
# Registers                                            : 97
 Flip-Flops                                            : 97

=========================================================================

=========================================================================
*                           Partition Report                            *
=========================================================================

Partition Implementation Status
-------------------------------

  No Partitions were found in this design.

-------------------------------

=========================================================================
*                            Design Summary                             *
=========================================================================

Top Level Output File Name         : project0_demo.ngc

Primitive and Black Box Usage:
------------------------------
# BELS                             : 1131
#      GND                         : 1
#      INV                         : 17
#      LUT1                        : 59
#      LUT2                        : 71
#      LUT3                        : 101
#      LUT4                        : 101
#      LUT5                        : 142
#      LUT6                        : 180
#      MUXCY                       : 216
#      MUXF7                       : 6
#      VCC                         : 1
#      XORCY                       : 236
# FlipFlops/Latches                : 97
#      FD                          : 76
#      FDE                         : 3
#      FDR                         : 11
#      FDS                         : 7
# Clock Buffers                    : 3
#      BUFG                        : 2
#      BUFGP                       : 1
# IO Buffers                       : 38
#      IBUF                        : 8
#      OBUF                        : 30

Device utilization summary:
---------------------------

Selected Device : 6slx16csg324-2 


Slice Logic Utilization: 
 Number of Slice Registers:              97  out of  18224     0%  
 Number of Slice LUTs:                  671  out of   9112     7%  
    Number used as Logic:               671  out of   9112     7%  

Slice Logic Distribution: 
 Number of LUT Flip Flop pairs used:    674
   Number with an unused Flip Flop:     577  out of    674    85%  
   Number with an unused LUT:             3  out of    674     0%  
   Number of fully used LUT-FF pairs:    94  out of    674    13%  
   Number of unique control sets:        11

IO Utilization: 
 Number of IOs:                          40
 Number of bonded IOBs:                  39  out of    232    16%  

Specific Feature Utilization:
 Number of BUFG/BUFGCTRLs:                3  out of     16    18%  

---------------------------
Partition Resource Summary:
---------------------------

  No Partitions were found in this design.

---------------------------


=========================================================================
Timing Report

NOTE: THESE TIMING NUMBERS ARE ONLY A SYNTHESIS ESTIMATE.
      FOR ACCURATE TIMING INFORMATION PLEASE REFER TO THE TRACE REPORT
      GENERATED AFTER PLACE-and-ROUTE.

Clock Information:
------------------
-----------------------------------+------------------------+-------+
Clock Signal                       | Clock buffer(FF name)  | Load  |
-----------------------------------+------------------------+-------+
clk                                | BUFGP                  | 31    |
divclk                             | BUFG                   | 25    |
vga/divclk                         | BUFG                   | 23    |
slclk                              | NONE(num_0)            | 18    |
-----------------------------------+------------------------+-------+
INFO:Xst:2169 - HDL ADVISOR - Some clock signals were not automatically buffered by XST with BUFG/BUFR resources. Please use the buffer_type constraint in order to insert these buffers to the clock signals to help prevent skew problems.

Asynchronous Control Signals Information:
----------------------------------------
No asynchronous control signals found in this design

Timing Summary:
---------------
Speed Grade: -2

   Minimum period: 4.807ns (Maximum Frequency: 208.030MHz)
   Minimum input arrival time before clock: No path found
   Maximum output required time after clock: 7.268ns
   Maximum combinational path delay: 4.921ns

Timing Details:
---------------
All values displayed in nanoseconds (ns)

=========================================================================
Timing constraint: Default period analysis for Clock 'clk'
  Clock period: 4.699ns (frequency: 212.811MHz)
  Total number of paths / destination ports: 1145 / 35
-------------------------------------------------------------------------
Delay:               4.699ns (Levels of Logic = 3)
  Source:            counter_15 (FF)
  Destination:       counter_0 (FF)
  Source Clock:      clk rising
  Destination Clock: clk rising

  Data Path: counter_15 to counter_0
                                Gate     Net
    Cell:in->out      fanout   Delay   Delay  Logical Name (Net Name)
    ----------------------------------------  ------------
     FD:C->Q               2   0.525   1.181  counter_15 (counter_15)
     LUT6:I0->O            2   0.254   1.002  counter[26]_GND_1_o_equal_2_o<26>7_SW0 (N69)
     LUT6:I2->O           15   0.254   1.155  counter[26]_GND_1_o_equal_2_o<26>7 (counter[26]_GND_1_o_equal_2_o)
     LUT2:I1->O            1   0.254   0.000  counter_0_rstpot (counter_0_rstpot)
     FD:D                      0.074          counter_0
    ----------------------------------------
    Total                      4.699ns (1.361ns logic, 3.338ns route)
                                       (29.0% logic, 71.0% route)

=========================================================================
Timing constraint: Default period analysis for Clock 'divclk'
  Clock period: 4.211ns (frequency: 237.473MHz)
  Total number of paths / destination ports: 139 / 35
-------------------------------------------------------------------------
Delay:               4.211ns (Levels of Logic = 2)
  Source:            scounter_2 (FF)
  Destination:       scounter_0 (FF)
  Source Clock:      divclk rising
  Destination Clock: divclk rising

  Data Path: scounter_2 to scounter_0
                                Gate     Net
    Cell:in->out      fanout   Delay   Delay  Logical Name (Net Name)
    ----------------------------------------  ------------
     FDR:C->Q              5   0.525   1.069  scounter_2 (scounter_2)
     LUT3:I0->O            2   0.235   0.726  Result<3>111 (Result<3>1_bdd0)
     LUT5:I4->O            8   0.254   0.943  scounter[6]_GND_1_o_equal_7_o1 (scounter[6]_GND_1_o_equal_7_o)
     FDR:R                     0.459          scounter_0
    ----------------------------------------
    Total                      4.211ns (1.473ns logic, 2.738ns route)
                                       (35.0% logic, 65.0% route)

=========================================================================
Timing constraint: Default period analysis for Clock 'vga/divclk'
  Clock period: 4.807ns (frequency: 208.030MHz)
  Total number of paths / destination ports: 673 / 23
-------------------------------------------------------------------------
Delay:               4.807ns (Levels of Logic = 3)
  Source:            vga/hcounter_10 (FF)
  Destination:       vga/vcounter_0 (FF)
  Source Clock:      vga/divclk rising
  Destination Clock: vga/divclk rising

  Data Path: vga/hcounter_10 to vga/vcounter_0
                                Gate     Net
    Cell:in->out      fanout   Delay   Delay  Logical Name (Net Name)
    ----------------------------------------  ------------
     FD:C->Q               4   0.525   1.234  vga/hcounter_10 (vga/hcounter_10)
     LUT6:I1->O           12   0.254   1.069  vga/GND_7_o_GND_7_o_equal_7_o<10>_SW0 (N2)
     LUT6:I5->O           11   0.254   1.147  vga/_n00703 (vga/_n0070)
     LUT4:I2->O            1   0.250   0.000  vga/vcounter_0_rstpot (vga/vcounter_0_rstpot)
     FD:D                      0.074          vga/vcounter_0
    ----------------------------------------
    Total                      4.807ns (1.357ns logic, 3.450ns route)
                                       (28.2% logic, 71.8% route)

=========================================================================
Timing constraint: Default period analysis for Clock 'slclk'
  Clock period: 4.159ns (frequency: 240.442MHz)
  Total number of paths / destination ports: 373 / 18
-------------------------------------------------------------------------
Delay:               4.159ns (Levels of Logic = 2)
  Source:            num_8 (FF)
  Destination:       num_11 (FF)
  Source Clock:      slclk rising
  Destination Clock: slclk rising

  Data Path: num_8 to num_11
                                Gate     Net
    Cell:in->out      fanout   Delay   Delay  Logical Name (Net Name)
    ----------------------------------------  ------------
     FD:C->Q              50   0.525   1.821  num_8 (num_8)
     LUT6:I5->O           14   0.254   1.235  num[12]_GND_1_o_equal_12_o<12>1 (num[12]_GND_1_o_equal_12_o<12>)
     LUT4:I2->O            2   0.250   0.000  num_11_rstpot (num_11_rstpot)
     FD:D                      0.074          num_11
    ----------------------------------------
    Total                      4.159ns (1.103ns logic, 3.056ns route)
                                       (26.5% logic, 73.5% route)

=========================================================================
Timing constraint: Default OFFSET OUT AFTER for Clock 'divclk'
  Total number of paths / destination ports: 11 / 11
-------------------------------------------------------------------------
Offset:              4.118ns (Levels of Logic = 1)
  Source:            test/SegReg_7 (FF)
  Destination:       seg<7> (PAD)
  Source Clock:      divclk rising

  Data Path: test/SegReg_7 to seg<7>
                                Gate     Net
    Cell:in->out      fanout   Delay   Delay  Logical Name (Net Name)
    ----------------------------------------  ------------
     FDS:C->Q              1   0.525   0.681  test/SegReg_7 (test/SegReg_7)
     OBUF:I->O                 2.912          seg_7_OBUF (seg<7>)
    ----------------------------------------
    Total                      4.118ns (3.437ns logic, 0.681ns route)
                                       (83.5% logic, 16.5% route)

=========================================================================
Timing constraint: Default OFFSET OUT AFTER for Clock 'vga/divclk'
  Total number of paths / destination ports: 19 / 5
-------------------------------------------------------------------------
Offset:              7.268ns (Levels of Logic = 4)
  Source:            vga/vcounter_8 (FF)
  Destination:       Vsync (PAD)
  Source Clock:      vga/divclk rising

  Data Path: vga/vcounter_8 to Vsync
                                Gate     Net
    Cell:in->out      fanout   Delay   Delay  Logical Name (Net Name)
    ----------------------------------------  ------------
     FD:C->Q               6   0.525   0.984  vga/vcounter_8 (vga/vcounter_8)
     LUT2:I0->O            1   0.250   0.682  vga/vsync11_SW0 (N0)
     LUT6:I5->O            2   0.254   0.726  vga/vsync11 (vga/vsync11)
     LUT4:I3->O            1   0.254   0.681  vga/vsync12 (Vsync_OBUF)
     OBUF:I->O                 2.912          Vsync_OBUF (Vsync)
    ----------------------------------------
    Total                      7.268ns (4.195ns logic, 3.073ns route)
                                       (57.7% logic, 42.3% route)

=========================================================================
Timing constraint: Default path analysis
  Total number of paths / destination ports: 8 / 8
-------------------------------------------------------------------------
Delay:               4.921ns (Levels of Logic = 2)
  Source:            sw<7> (PAD)
  Destination:       Led<7> (PAD)

  Data Path: sw<7> to Led<7>
                                Gate     Net
    Cell:in->out      fanout   Delay   Delay  Logical Name (Net Name)
    ----------------------------------------  ------------
     IBUF:I->O             1   1.328   0.681  sw_7_IBUF (Led_7_OBUF)
     OBUF:I->O                 2.912          Led_7_OBUF (Led<7>)
    ----------------------------------------
    Total                      4.921ns (4.240ns logic, 0.681ns route)
                                       (86.2% logic, 13.8% route)

=========================================================================

Cross Clock Domains Report:
--------------------------

Clock to Setup on destination clock clk
---------------+---------+---------+---------+---------+
               | Src:Rise| Src:Fall| Src:Rise| Src:Fall|
Source Clock   |Dest:Rise|Dest:Rise|Dest:Fall|Dest:Fall|
---------------+---------+---------+---------+---------+
clk            |    4.699|         |         |         |
---------------+---------+---------+---------+---------+

Clock to Setup on destination clock divclk
---------------+---------+---------+---------+---------+
               | Src:Rise| Src:Fall| Src:Rise| Src:Fall|
Source Clock   |Dest:Rise|Dest:Rise|Dest:Fall|Dest:Fall|
---------------+---------+---------+---------+---------+
divclk         |    4.211|         |         |         |
slclk          |   33.518|         |         |         |
---------------+---------+---------+---------+---------+

Clock to Setup on destination clock slclk
---------------+---------+---------+---------+---------+
               | Src:Rise| Src:Fall| Src:Rise| Src:Fall|
Source Clock   |Dest:Rise|Dest:Rise|Dest:Fall|Dest:Fall|
---------------+---------+---------+---------+---------+
slclk          |    4.159|         |         |         |
---------------+---------+---------+---------+---------+

Clock to Setup on destination clock vga/divclk
---------------+---------+---------+---------+---------+
               | Src:Rise| Src:Fall| Src:Rise| Src:Fall|
Source Clock   |Dest:Rise|Dest:Rise|Dest:Fall|Dest:Fall|
---------------+---------+---------+---------+---------+
vga/divclk     |    4.807|         |         |         |
---------------+---------+---------+---------+---------+

=========================================================================


Total REAL time to Xst completion: 14.00 secs
Total CPU time to Xst completion: 13.70 secs
 
--> 


Total memory usage is 396004 kilobytes

Number of errors   :    0 (   0 filtered)
Number of warnings :   19 (   0 filtered)
Number of infos    :    5 (   0 filtered)

